[    0.000000] Linux version 4.15.0-76-generic (buildd@lcy01-amd64-029) (gcc version 7.4.0 (Ubuntu 7.4.0-1ubuntu1~18.04.1)) #86-Ubuntu SMP Fri Jan 17 17:24:28 UTC 2020 (Ubuntu 4.15.0-76.86-generic 4.15.18)
[    0.000000] Command line: BOOT_IMAGE=/boot/vmlinuz-4.15.0-76-generic root=UUID=3908abf1-f4fb-47fa-ac39-df5c026ef103 ro console=tty1 console=ttyS0
[    0.000000] KERNEL supported cpus:
[    0.000000]   Intel GenuineIntel
[    0.000000]   AMD AuthenticAMD
[    0.000000]   Centaur CentaurHauls
[    0.000000] x86/fpu: Supporting XSAVE feature 0x001: 'x87 floating point registers'
[    0.000000] x86/fpu: Supporting XSAVE feature 0x002: 'SSE registers'
[    0.000000] x86/fpu: Supporting XSAVE feature 0x004: 'AVX registers'
[    0.000000] x86/fpu: xstate_offset[2]:  576, xstate_sizes[2]:  256
[    0.000000] x86/fpu: Enabled xstate features 0x7, context size is 832 bytes, using 'standard' format.
[    0.000000] e820: BIOS-provided physical RAM map:
[    0.000000] BIOS-e820: [mem 0x0000000000000000-0x000000000009fbff] usable
[    0.000000] BIOS-e820: [mem 0x000000000009fc00-0x000000000009ffff] reserved
[    0.000000] BIOS-e820: [mem 0x00000000000f0000-0x00000000000fffff] reserved
[    0.000000] BIOS-e820: [mem 0x0000000000100000-0x000000003ffeffff] usable
[    0.000000] BIOS-e820: [mem 0x000000003fff0000-0x000000003fffffff] ACPI data
[    0.000000] BIOS-e820: [mem 0x00000000fec00000-0x00000000fec00fff] reserved
[    0.000000] BIOS-e820: [mem 0x00000000fee00000-0x00000000fee00fff] reserved
[    0.000000] BIOS-e820: [mem 0x00000000fffc0000-0x00000000ffffffff] reserved
[    0.000000] NX (Execute Disable) protection: active
[    0.000000] SMBIOS 2.5 present.
[    0.000000] DMI: innotek GmbH VirtualBox/VirtualBox, BIOS VirtualBox 12/01/2006
[    0.000000] Hypervisor detected: KVM
[    0.000000] e820: last_pfn = 0x3fff0 max_arch_pfn = 0x400000000
[    0.000000] MTRR: Disabled
[    0.000000] x86/PAT: MTRRs disabled, skipping PAT initialization too.
[    0.000000] CPU MTRRs all blank - virtualized system.
[    0.000000] x86/PAT: Configuration [0-7]: WB  WT  UC- UC  WB  WT  UC- UC  
[    0.000000] found SMP MP-table at [mem 0x0009fff0-0x0009ffff]
[    0.000000] Scanning 1 areas for low memory corruption
[    0.000000] RAMDISK: [mem 0x3595d000-0x36ca5fff]
[    0.000000] ACPI: Early table checksum verification disabled
[    0.000000] ACPI: RSDP 0x00000000000E0000 000024 (v02 VBOX  )
[    0.000000] ACPI: XSDT 0x000000003FFF0030 00003C (v01 VBOX   VBOXXSDT 00000001 ASL  00000061)
[    0.000000] ACPI: FACP 0x000000003FFF00F0 0000F4 (v04 VBOX   VBOXFACP 00000001 ASL  00000061)
[    0.000000] ACPI: DSDT 0x000000003FFF0470 0022EA (v02 VBOX   VBOXBIOS 00000002 INTL 20100528)
[    0.000000] ACPI: FACS 0x000000003FFF0200 000040
[    0.000000] ACPI: FACS 0x000000003FFF0200 000040
[    0.000000] ACPI: APIC 0x000000003FFF0240 00005C (v02 VBOX   VBOXAPIC 00000001 ASL  00000061)
[    0.000000] ACPI: SSDT 0x000000003FFF02A0 0001CC (v01 VBOX   VBOXCPUT 00000002 INTL 20100528)
[    0.000000] No NUMA configuration found
[    0.000000] Faking a node at [mem 0x0000000000000000-0x000000003ffeffff]
[    0.000000] NODE_DATA(0) allocated [mem 0x3ffc5000-0x3ffeffff]
[    0.000000] kvm-clock: cpu 0, msr 0:3ff44001, primary cpu clock
[    0.000000] kvm-clock: Using msrs 4b564d01 and 4b564d00
[    0.000000] kvm-clock: using sched offset of 3951907761 cycles
[    0.000000] clocksource: kvm-clock: mask: 0xffffffffffffffff max_cycles: 0x1cd42e4dffb, max_idle_ns: 881590591483 ns
[    0.000000] Zone ranges:
[    0.000000]   DMA      [mem 0x0000000000001000-0x0000000000ffffff]
[    0.000000]   DMA32    [mem 0x0000000001000000-0x000000003ffeffff]
[    0.000000]   Normal   empty
[    0.000000]   Device   empty
[    0.000000] Movable zone start for each node
[    0.000000] Early memory node ranges
[    0.000000]   node   0: [mem 0x0000000000001000-0x000000000009efff]
[    0.000000]   node   0: [mem 0x0000000000100000-0x000000003ffeffff]
[    0.000000] Reserved but unavailable: 98 pages
[    0.000000] Initmem setup node 0 [mem 0x0000000000001000-0x000000003ffeffff]
[    0.000000] ACPI: PM-Timer IO Port: 0x4008
[    0.000000] IOAPIC[0]: apic_id 2, version 32, address 0xfec00000, GSI 0-23
[    0.000000] ACPI: INT_SRC_OVR (bus 0 bus_irq 0 global_irq 2 dfl dfl)
[    0.000000] ACPI: INT_SRC_OVR (bus 0 bus_irq 9 global_irq 9 low level)
[    0.000000] Using ACPI (MADT) for SMP configuration information
[    0.000000] smpboot: Allowing 2 CPUs, 0 hotplug CPUs
[    0.000000] PM: Registered nosave memory: [mem 0x00000000-0x00000fff]
[    0.000000] PM: Registered nosave memory: [mem 0x0009f000-0x0009ffff]
[    0.000000] PM: Registered nosave memory: [mem 0x000a0000-0x000effff]
[    0.000000] PM: Registered nosave memory: [mem 0x000f0000-0x000fffff]
[    0.000000] e820: [mem 0x40000000-0xfebfffff] available for PCI devices
[    0.000000] Booting paravirtualized kernel on KVM
[    0.000000] clocksource: refined-jiffies: mask: 0xffffffff max_cycles: 0xffffffff, max_idle_ns: 7645519600211568 ns
[    0.000000] random: get_random_bytes called from start_kernel+0x99/0x4fd with crng_init=0
[    0.000000] setup_percpu: NR_CPUS:8192 nr_cpumask_bits:2 nr_cpu_ids:2 nr_node_ids:1
[    0.000000] percpu: Embedded 45 pages/cpu s147456 r8192 d28672 u1048576
[    0.000000] PV qspinlock hash table entries: 256 (order: 0, 4096 bytes)
[    0.000000] Built 1 zonelists, mobility grouping on.  Total pages: 257913
[    0.000000] Policy zone: DMA32
[    0.000000] Kernel command line: BOOT_IMAGE=/boot/vmlinuz-4.15.0-76-generic root=UUID=3908abf1-f4fb-47fa-ac39-df5c026ef103 ro console=tty1 console=ttyS0
[    0.000000] Memory: 982532K/1048120K available (12300K kernel code, 2481K rwdata, 4260K rodata, 2428K init, 2704K bss, 65588K reserved, 0K cma-reserved)
[    0.000000] SLUB: HWalign=64, Order=0-3, MinObjects=0, CPUs=2, Nodes=1
[    0.000000] Kernel/User page tables isolation: enabled
[    0.000000] ftrace: allocating 39322 entries in 154 pages
[    0.004000] Hierarchical RCU implementation.
[    0.004000] 	RCU restricting CPUs from NR_CPUS=8192 to nr_cpu_ids=2.
[    0.004000] 	Tasks RCU enabled.
[    0.004000] RCU: Adjusting geometry for rcu_fanout_leaf=16, nr_cpu_ids=2
[    0.004000] NR_IRQS: 524544, nr_irqs: 440, preallocated irqs: 16
[    0.004000] Console: colour VGA+ 80x25
[    0.004000] console [tty1] enabled
[    0.004000] console [ttyS0] enabled
[    0.004000] ACPI: Core revision 20170831
[    0.004000] ACPI: 2 ACPI AML tables successfully acquired and loaded
[    0.004000] APIC: Switch to symmetric I/O mode setup
[    0.004000] x2apic enabled
[    0.004000] Switched APIC routing to physical x2apic.
[    0.004000] ..TIMER: vector=0x30 apic1=0 pin1=2 apic2=-1 pin2=-1
[    0.004004] tsc: Detected 1608.000 MHz processor
[    0.005010] Calibrating delay loop (skipped) preset value.. 3216.00 BogoMIPS (lpj=6432000)
[    0.008002] pid_max: default: 32768 minimum: 301
[    0.009029] Security Framework initialized
[    0.009927] Yama: becoming mindful.
[    0.010735] AppArmor: AppArmor initialized
[    0.013507] Dentry cache hash table entries: 131072 (order: 8, 1048576 bytes)
[    0.015098] Inode-cache hash table entries: 65536 (order: 7, 524288 bytes)
[    0.016016] Mount-cache hash table entries: 2048 (order: 2, 16384 bytes)
[    0.017396] Mountpoint-cache hash table entries: 2048 (order: 2, 16384 bytes)
[    0.019181] Last level iTLB entries: 4KB 64, 2MB 8, 4MB 8
[    0.020002] Last level dTLB entries: 4KB 64, 2MB 0, 4MB 0, 1GB 4
[    0.021242] Spectre V1 : Mitigation: usercopy/swapgs barriers and __user pointer sanitization
[    0.024002] Spectre V2 : Mitigation: Full generic retpoline
[    0.025162] Spectre V2 : Spectre v2 / SpectreRSB mitigation: Filling RSB on context switch
[    0.026892] Speculative Store Bypass: Vulnerable
[    0.028045] MDS: Mitigation: Clear CPU buffers
[    0.029173] Freeing SMP alternatives memory: 36K
[    0.140096] smpboot: CPU0: Intel(R) Core(TM) i5-8210Y CPU @ 1.60GHz (family: 0x6, model: 0x8e, stepping: 0x9)
[    0.144091] Performance Events: unsupported p6 CPU model 142 no PMU driver, software events only.
[    0.145977] Hierarchical SRCU implementation.
[    0.147510] NMI watchdog: Perf event create on CPU 0 failed with -2
[    0.148002] NMI watchdog: Perf NMI watchdog permanently disabled
[    0.149281] smp: Bringing up secondary CPUs ...
[    0.150335] x86: Booting SMP configuration:
[    0.152002] .... node  #0, CPUs:      #1
[    0.004000] kvm-clock: cpu 1, msr 0:3ff44041, secondary cpu clock
[    0.156022] smp: Brought up 1 node, 2 CPUs
[    0.157651] smpboot: Max logical packages: 1
[    0.158770] smpboot: Total of 2 processors activated (6432.00 BogoMIPS)
[    0.160131] devtmpfs: initialized
[    0.161326] x86/mm: Memory block size: 128MB
[    0.162430] evm: security.selinux
[    0.164003] evm: security.SMACK64
[    0.165029] evm: security.SMACK64EXEC
[    0.166068] evm: security.SMACK64TRANSMUTE
[    0.166925] evm: security.SMACK64MMAP
[    0.167698] evm: security.apparmor
[    0.168003] evm: security.ima
[    0.168653] evm: security.capability
[    0.169448] clocksource: jiffies: mask: 0xffffffff max_cycles: 0xffffffff, max_idle_ns: 7645041785100000 ns
[    0.172008] futex hash table entries: 512 (order: 3, 32768 bytes)
[    0.175238] pinctrl core: initialized pinctrl subsystem
[    0.176151] RTC time:  2:16:33, date: 02/24/20
[    0.177240] NET: Registered protocol family 16
[    0.178257] audit: initializing netlink subsys (disabled)
[    0.179420] audit: type=2000 audit(1582510598.299:1): state=initialized audit_enabled=0 res=1
[    0.180058] cpuidle: using governor ladder
[    0.181360] cpuidle: using governor menu
[    0.184041] ACPI: bus type PCI registered
[    0.184969] acpiphp: ACPI Hot Plug PCI Controller Driver version: 0.5
[    0.186412] PCI: Using configuration type 1 for base access
[    0.188950] HugeTLB registered 2.00 MiB page size, pre-allocated 0 pages
[    0.189397] ACPI: Added _OSI(Module Device)
[    0.189397] ACPI: Added _OSI(Processor Device)
[    0.192008] ACPI: Added _OSI(3.0 _SCP Extensions)
[    0.193016] ACPI: Added _OSI(Processor Aggregator Device)
[    0.194224] ACPI: Added _OSI(Linux-Dell-Video)
[    0.196004] ACPI: Added _OSI(Linux-Lenovo-NV-HDMI-Audio)
[    0.197114] ACPI: Added _OSI(Linux-HPI-Hybrid-Graphics)
[    0.198596] ACPI: Executed 1 blocks of module-level executable AML code
[    0.203136] ACPI: Interpreter enabled
[    0.204012] ACPI: (supports S0 S5)
[    0.204905] ACPI: Using IOAPIC for interrupt routing
[    0.206158] PCI: Using host bridge windows from ACPI; if necessary, use "pci=nocrs" and report a bug
[    0.208207] ACPI: Enabled 2 GPEs in block 00 to 07
[    0.217064] ACPI: PCI Root Bridge [PCI0] (domain 0000 [bus 00-ff])
[    0.219414] acpi PNP0A03:00: _OSC: OS supports [ASPM ClockPM Segments MSI]
[    0.220462] acpi PNP0A03:00: _OSC: not requesting OS control; OS requires [ExtendedConfig ASPM ClockPM MSI]
[    0.224019] acpi PNP0A03:00: fail to add MMCONFIG information, can't access extended PCI configuration space under this bridge.
[    0.229044] PCI host bridge to bus 0000:00
[    0.230382] pci_bus 0000:00: root bus resource [io  0x0000-0x0cf7 window]
[    0.232016] pci_bus 0000:00: root bus resource [io  0x0d00-0xffff window]
[    0.234462] pci_bus 0000:00: root bus resource [mem 0x000a0000-0x000bffff window]
[    0.236005] pci_bus 0000:00: root bus resource [mem 0x40000000-0xfdffffff window]
[    0.237879] pci_bus 0000:00: root bus resource [bus 00-ff]
[    0.242889] pci 0000:00:01.1: legacy IDE quirk: reg 0x10: [io  0x01f0-0x01f7]
[    0.244005] pci 0000:00:01.1: legacy IDE quirk: reg 0x14: [io  0x03f6]
[    0.245725] pci 0000:00:01.1: legacy IDE quirk: reg 0x18: [io  0x0170-0x0177]
[    0.248004] pci 0000:00:01.1: legacy IDE quirk: reg 0x1c: [io  0x0376]
[    0.268054] pci 0000:00:07.0: quirk: [io  0x4000-0x403f] claimed by PIIX4 ACPI
[    0.270099] pci 0000:00:07.0: quirk: [io  0x4100-0x410f] claimed by PIIX4 SMB
[    0.281852] ACPI: PCI Interrupt Link [LNKA] (IRQs 5 9 10 *11)
[    0.283716] ACPI: PCI Interrupt Link [LNKB] (IRQs 5 9 *10 11)
[    0.284138] ACPI: PCI Interrupt Link [LNKC] (IRQs 5 *9 10 11)
[    0.285476] ACPI: PCI Interrupt Link [LNKD] (IRQs 5 9 10 *11)
[    0.288090] SCSI subsystem initialized
[    0.288991] pci 0000:00:02.0: vgaarb: setting as boot VGA device
[    0.289751] pci 0000:00:02.0: vgaarb: VGA device added: decodes=io+mem,owns=io+mem,locks=none
[    0.292015] pci 0000:00:02.0: vgaarb: bridge control possible
[    0.293176] vgaarb: loaded
[    0.294295] ACPI: bus type USB registered
[    0.295255] usbcore: registered new interface driver usbfs
[    0.296016] usbcore: registered new interface driver hub
[    0.297125] usbcore: registered new device driver usb
[    0.298213] EDAC MC: Ver: 3.0.0
[    0.300347] PCI: Using ACPI for IRQ routing
[    0.301585] NetLabel: Initializing
[    0.302321] NetLabel:  domain hash size = 128
[    0.303232] NetLabel:  protocols = UNLABELED CIPSOv4 CALIPSO
[    0.304021] NetLabel:  unlabeled traffic allowed by default
[    0.308135] clocksource: Switched to clocksource kvm-clock
[    0.323130] VFS: Disk quotas dquot_6.6.0
[    0.324735] VFS: Dquot-cache hash table entries: 512 (order 0, 4096 bytes)
[    0.327010] AppArmor: AppArmor Filesystem Enabled
[    0.328065] pnp: PnP ACPI init
[    0.330237] pnp: PnP ACPI: found 3 devices
[    0.340190] clocksource: acpi_pm: mask: 0xffffff max_cycles: 0xffffff, max_idle_ns: 2085701024 ns
[    0.342614] NET: Registered protocol family 2
[    0.343748] TCP established hash table entries: 8192 (order: 4, 65536 bytes)
[    0.345890] TCP bind hash table entries: 8192 (order: 5, 131072 bytes)
[    0.349121] TCP: Hash tables configured (established 8192 bind 8192)
[    0.350546] UDP hash table entries: 512 (order: 2, 16384 bytes)
[    0.351786] UDP-Lite hash table entries: 512 (order: 2, 16384 bytes)
[    0.353210] NET: Registered protocol family 1
[    0.354172] pci 0000:00:00.0: Limiting direct PCI/PCI transfers
[    0.355452] pci 0000:00:01.0: Activating ISA DMA hang workarounds
[    0.356842] pci 0000:00:02.0: Video device with shadowed ROM at [mem 0x000c0000-0x000dffff]
[    0.359405] Unpacking initramfs...
[    0.711092] Freeing initrd memory: 19748K
[    0.712543] clocksource: tsc: mask: 0xffffffffffffffff max_cycles: 0x172daa3a18b, max_idle_ns: 440795212390 ns
[    0.715574] platform rtc_cmos: registered platform RTC device (no PNP device found)
[    0.717289] Scanning for low memory corruption every 60 seconds
[    0.719135] Initialise system trusted keyrings
[    0.720701] Key type blacklist registered
[    0.721772] workingset: timestamp_bits=36 max_order=18 bucket_order=0
[    0.724111] zbud: loaded
[    0.725589] squashfs: version 4.0 (2009/01/31) Phillip Lougher
[    0.727214] fuse init (API version 7.26)
[    0.730250] Key type asymmetric registered
[    0.731122] Asymmetric key parser 'x509' registered
[    0.732157] Block layer SCSI generic (bsg) driver version 0.4 loaded (major 246)
[    0.734054] io scheduler noop registered
[    0.735330] io scheduler deadline registered
[    0.736471] io scheduler cfq registered (default)
[    0.738491] ACPI: AC Adapter [AC] (off-line)
[    0.739881] input: Power Button as /devices/LNXSYSTM:00/LNXPWRBN:00/input/input0
[    0.741656] ACPI: Power Button [PWRF]
[    0.742528] input: Sleep Button as /devices/LNXSYSTM:00/LNXSLPBN:00/input/input1
[    0.744065] ACPI: Sleep Button [SLPF]
[    0.746746] ACPI: Battery Slot [BAT0] (battery present)
[    0.748318] Serial: 8250/16550 driver, 32 ports, IRQ sharing enabled
[    0.770824] 00:02: ttyS0 at I/ 0x3f8 (irq = 4, base_baud = 11200) is a 16550A
[    0.777047] Linux agpgart interface v0.103
[    0.781091] loop: module loaded
[    0.782648] scsi host0: ata_piix
[    0.783871] scsi host1: ata_piix
[    0.784761] ata1: PATA max UDMA/33 cmd 0x1f0 ctl 0x3f6 bmdma 0xd000 irq 14
[    0.786217] ata2: PATA max UDMA/33 cmd 0x170 ctl 0x376 bmdma 0xd008 irq 15
[    0.787794] libphy: Fixed MDIO Bus: probed
[    0.788828] tun: Universal TUN/TAP device driver, 1.6
[    0.790067] PPP generic driver version 2.4.2
[    0.791046] ehci_hcd: USB 2.0 'Enhanced' Host Controller (EHCI) Driver
[    0.792440] ehci-pci: EHCI PCI platform driver
[    0.793425] ehci-platform: EHCI generic platform driver
[    0.794546] ohci_hcd: USB 1.1 'Open' Host Controller (OHCI) Driver
[    0.795835] ohci-pci: OHCI PCI platform driver
[    0.796867] ohci-platform: OHCI generic platform driver
[    0.797978] uhci_hcd: USB Universal Host Controller Interface driver
[    0.799358] i8042: PNP: PS/2 Controller [PNP0303:PS2K,PNP0f03:PS2M] at 0x60,0x64 irq 1,12
[    0.801622] serio: i8042 KBD port at 0x60,0x64 irq 1
[    0.803504] serio: i8042 AUX port at 0x60,0x64 irq 12
[    0.804999] mousedev: PS/2 mouse device common for all mice
[    0.806453] input: AT Translated Set 2 keyboard as /devices/platform/i8042/serio0/input/input2
[    0.808676] rtc_cmos rtc_cmos: rtc core: registered rtc_cmos as rtc0
[    0.810068] rtc_cmos rtc_cmos: alarms up to one day, 114 bytes nvram
[    0.811419] i2c /dev entries driver
[    0.812304] device-mapper: uevent: version 1.0.3
[    0.813359] device-mapper: ioctl: 4.37.0-ioctl (2017-09-20) initialised: dm-devel@redhat.com
[    0.815268] ledtrig-cpu: registered to indicate activity on CPUs
[    0.817003] NET: Registered protocol family 10
[    0.822375] Segment Routing with IPv6
[    0.823697] NET: Registered protocol family 17
[    0.825361] Key type dns_resolver registered
[    0.826502] mce: Using 0 MCE banks
[    0.827275] RAS: Correctable Errors collector initialized.
[    0.828496] sched_clock: Marking stable (828476892, 0)->(1012111326, -183634434)
[    0.830475] registered taskstats version 1
[    0.831377] Loading compiled-in X.509 certificates
[    0.834651] Loaded X.509 cert 'Build time autogenerated kernel key: 665cd2b89e03521f57c41865f552ebce30a0c7fb'
[    0.838076] zswap: loaded using pool lzo/zbud
[    0.842460] Key type big_key registered
[    0.843903] Key type trusted registered
[    0.846823] Key type encrypted registered
[    0.848133] AppArmor: AppArmor sha1 policy hashing enabled
[    0.849297] ima: No TPM chip found, activating TPM-bypass! (rc=-19)
[    0.850569] ima: Allocated hash algorithm: sha1
[    0.851523] evm: HMAC attrs: 0x1
[    0.852589]   Magic number: 8:706:258
[    0.853477] rtc_cmos rtc_cmos: setting system clock to 2020-02-24 02:16:33 UTC (1582510593)
[    0.855661] BIOS EDD facility v0.16 2004-Jun-25, 0 devices found
[    0.856938] EDD information not available.
[    0.957146] Freeing unused kernel image memory: 2428K
[    0.964233] Write protecting the kernel read-only data: 20480k
[    0.967090] Freeing unused kernel image memory: 2008K
[    0.968818] Freeing unused kernel image memory: 1884K
[    0.976954] x86/mm: Checked W+X mappings: passed, no W+X pages found.
[    0.979144] x86/mm: Checking user space page tables
[    0.986965] x86/mm: Checked W+X mappings: passed, no W+X pages found.
Loading, please wait...
starting version 237
[    1.060563] e1000: Intel(R) PRO/1000 Network Driver - version 7.3.21-k8-NAPI
[    1.062547] e1000: Copyright (c) 1999-2006 Intel Corporation.
[    1.066162] Fusion MPT base driver 3.04.20
[    1.067349] Copyright (c) 1999-2008 LSI Corporation
[    1.075323] vboxvideo: loading out-of-tree module taints kernel.
[    1.077215] vboxvideo: module verification failed: signature and/or required key missing - tainting kernel
[    1.080761] Fusion MPT SPI Host driver 3.04.20
[    1.098494] AVX2 version of gcm_enc/dec engaged.
[    1.099849] AES CTR mode by8 optimization enabled
[    1.281406] input: ImExPS/2 Generic Explorer Mouse as /devices/platform/i8042/serio1/input/input4
[    1.454255] e1000 0000:00:03.0 eth0: (PCI:33MHz:32-bit) 02:57:a3:c3:eb:b7
[    1.456578] e1000 0000:00:03.0 eth0: Intel(R) PRO/1000 Network Connection
[    1.459109] [drm] VRAM 01000000
[    1.460585] [TTM] Zone  kernel: Available graphics memory: 504318 kiB
[    1.462143] [TTM] Initializing pool allocator
[    1.463056] [TTM] Initializing DMA pool allocator
[    1.465620] fbcon: vboxdrmfb (fb0) is primary device
[    1.467257] Console: switching to colour frame buffer device 100x37
[    1.470593] vboxvideo 0000:00:02.0: fb0: vboxdrmfb frame buffer device
[    1.484557] [drm] Initialized vboxvideo 1.0.0 20130823 for 0000:00:02.0 on minor 0
[    1.488126] mptbase: ioc0: Initiating bringup
[    1.584388] ioc0: LSI53C1030 A0: Capabilities={Initiator}
[    1.827498] scsi host2: ioc0: LSI53C1030 A0, FwRev=00000000h, Ports=1, MaxQ=256, IRQ=20
[    1.998352] scsi 2:0:0:0: Direct-Access     VBOX     HARDDISK         1.0  PQ: 0 ANSI: 5
[    2.052725] scsi target2:0:0: Beginning Domain Validation
[    2.058406] scsi target2:0:0: Domain Validation skipping write tests
[    2.059982] scsi target2:0:0: Ending Domain Validation
[    2.061332] scsi target2:0:0: asynchronous
[    2.063372] random: fast init done
[    2.064970] scsi 2:0:1:0: Direct-Access     VBOX     HARDDISK         1.0  PQ: 0 ANSI: 5
[    2.373686] scsi target2:0:1: Beginning Domain Validation
[    2.377647] scsi target2:0:1: Domain Validation skipping write tests
[    2.378986] scsi target2:0:1: Ending Domain Validation
[    2.380133] scsi target2:0:1: asynchronous
[    2.385623] random: systemd-udevd: uninitialized urandom read (16 bytes read)
[    2.387066] random: systemd-udevd: uninitialized urandom read (16 bytes read)
[    2.388503] random: systemd-udevd: uninitialized urandom read (16 bytes read)
[    2.390089] sd 2:0:0:0: Attached scsi generic sg0 type 0
[    2.391487] sd 2:0:0:0: [sda] 20971520 512-byte logical blocks: (10.7 GB/10.0 GiB)
[    2.393099] sd 2:0:0:0: [sda] Write Protect is off
[    2.394506] sd 2:0:0:0: [sda] Incomplete mode parameter data
[    2.396536] sd 2:0:0:0: [sda] Assuming drive cache: write through
[    2.399152] sd 2:0:1:0: [sdb] 20480 512-byte logical blocks: (10.5 MB/10.0 MiB)
[    2.401415] sd 2:0:1:0: Attached scsi generic sg1 type 0
[    2.403042] sd 2:0:1:0: [sdb] Write Protect is off
[    2.407108] sd 2:0:1:0: [sdb] Incomplete mode parameter data
[    2.408816] sd 2:0:1:0: [sdb] Assuming drive cache: write through
[    2.409354] e1000 0000:00:08.0 eth1: (PCI:33MHz:32-bit) 08:00:27:63:a3:25
[    2.413187] e1000 0000:00:08.0 eth1: Intel(R) PRO/1000 Network Connection
[    2.413248]  sda: sda1
[    2.417137] e1000 0000:00:03.0 enp0s3: renamed from eth0
[    2.419367] sd 2:0:0:0: [sda] Attached SCSI disk
[    2.421258] sd 2:0:1:0: [sdb] Attached SCSI disk
[    2.432312] e1000 0000:00:08.0 enp0s8: renamed from eth1
Begin: Loading essential drivers ... [    2.604126] raid6: sse2x1   gen() 12022 MB/s
[    2.652172] raid6: sse2x1   xor()  6596 MB/s
[    2.700086] raid6: sse2x2   gen()  6015 MB/s
[    2.748215] raid6: sse2x2   xor()  9225 MB/s
[    2.796052] raid6: sse2x4   gen() 17162 MB/s
[    2.844871] raid6: sse2x4   xor() 10666 MB/s
[    2.892697] raid6: avx2x1   gen() 24627 MB/s
[    2.940700] raid6: avx2x1   xor() 17342 MB/s
[    2.988755] raid6: avx2x2   gen() 28913 MB/s
[    3.036509] raid6: avx2x2   xor() 17903 MB/s
[    3.084522] raid6: avx2x4   gen() 33684 MB/s
[    3.133147] raid6: avx2x4   xor() 21233 MB/s
[    3.134992] raid6: using algorithm avx2x4 gen() 33684 MB/s
[    3.136755] raid6: .... xor() 21233 MB/s, rmw enabled
[    3.138484] raid6: using avx2x2 recovery algorithm
[    3.140897] xor: automatically using best checksumming function   avx       
[    3.144517] async_tx: api initialized (async)
done.
Begin: Running /scripts/init-premount ... done.
Begin: Mounting root file system ... Begin: Running /scripts/local-top ... done.
Begin: Running /scripts/local-premount ... [    3.190424] Btrfs loaded, crc32c=crc32c-intel
Scanning for Btrfs filesystems
done.
Warning: fsck not present, so skipping root file system
[    3.224391] EXT4-fs (sda1): INFO: recovery required on readonly filesystem
[    3.226151] EXT4-fs (sda1): write access will be enabled during recovery
[    3.359175] EXT4-fs (sda1): recovery complete
[    3.360936] EXT4-fs (sda1): mounted filesystem with ordered data mode. Opts: (null)
done.
Begin: Running /scripts/local-bottom ... done.
Begin: Running /scripts/init-bottom ... done.
[    3.550248] ip_tables: (C) 2000-2006 Netfilter Core Team
[    3.560575] systemd[1]: systemd 237 running in system mode. (+PAM +AUDIT +SELINUX +IMA +APPARMOR +SMACK +SYSVINIT +UTMP +LIBCRYPTSETUP +GCRYPT +GNUTLS +ACL +XZ +LZ4 +SECCOMP +BLKID +ELFUTILS +KMOD -IDN2 +IDN -PCRE2 default-hierarchy=hybrid)
[    3.566346] systemd[1]: Detected virtualization oracle.
[    3.567564] systemd[1]: Detected architecture x86-64.

Welcome to [1mUbuntu 18.04.3 LTS[0m!

[    3.577625] systemd[1]: Set hostname to <ubuntu-bionic>.
[    3.915311] systemd[1]: Started Forward Password Requests to Wall Directory Watch.
[[0;32m  OK  [0m] Started Forward Password Requests to Wall Directory Watch.
[    3.917948] systemd[1]: Reached target System Time Synchronized.
[[0;32m  OK  [0m] Reached target System Time Synchronized.
[    3.935558] systemd[1]: Created slice User and Session Slice.
[[0;32m  OK  [0m] Created slice User and Session Slice.
[    3.938770] systemd[1]: Reached target Swap.
[[0;32m  OK  [0m] Reached target Swap.
[    3.940830] systemd[1]: Set up automount Arbitrary Executable File Formats File System Automount Point.
[[0;32m  OK  [0m] Set up automount Arbitrary Executabâ€¦rmats File System Automount Point.
[    3.945091] systemd[1]: Created slice System Slice.
[[0;32m  OK  [0m] Created slice System Slice.
[[0;32m  OK  [0m] Listening on LVM2 metadata daemon socket.
[[0;32m  OK  [0m] Created slice system-serial\x2dgetty.slice.
[[0;32m  OK  [0m] Listening on udev Kernel Socket.
[[0;32m  OK  [0m] Listening on Journal Socket (/dev/log).
[[0;32m  OK  [0m] Listening on Device-mapper event daemon FIFOs.
[[0;32m  OK  [0m] Listening on Journal Socket.
         Mounting POSIX Message Queue File System...
         Starting Set the console keyboard layout...
         Starting Create list of required stâ€¦ce nodes for the current kernel...
[[0;32m  OK  [0m] Listening on Syslog Socket.
         Starting Load Kernel Modules...
         Starting Remount Root and Kernel File Systems...
         Mounting Huge Pages File System...
         Starting Monitoring of LVM2 mirrorsâ€¦ng dmeventd or progress polling...
[[0;32m  OK  [0m] Listening on udev Control Socket.
         Starting udev Coldplug all Devices...
[[0;32m  OK  [0m] Listening on Network Service Netlink Socket.
[[0;32m  OK  [0m] Reached target Slices.
[[0;32m  OK  [0m] Listening on /dev/initctl Compatibility Named Pipe.
         Mounting Kernel Debug File System...
         Starting Uncomplicated firewall...
[[0;32m  OK  [0m] Reached target User and Group Name Lookups.
[[0;32m  OK  [0m] Listening on Journal Audit Socket.
         Starting Journal Service...
[[0;32m  OK  [0m] Listening on LVM2 poll daemon socket.
[[0;32m  OK  [0m] Mounted POSIX Message Queue File System.
[[0;32m  OK  [0m] Started Create list of required staâ€¦vice nodes for the current kernel.
[[0;32m  OK  [0m] Mounted Huge Pages File System.
[[0;32m  OK  [0m] Mounted Kernel Debug File System.
         Starting Create Static Device Nodes in /dev...
[[0;32m  OK  [0m] Started LVM2 metadata daemon.
[[0;32m  OK  [0m] [    4.068800] EXT4-fs (sda1): re-mounted. Opts: (null)
Started Uncomplicated firewall.
[[0;32m  OK  [0m] Started Remount Root and Kernel File Systems.
         Starting Load/Save Random Seed...
[    4.079888] Loading iSCSI transport class v2.0-870.
[    4.088309] iscsi: registered transport (tcp)
[[0;32m  OK  [0m] Started Journal Service.
[[0;32m  OK  [0m] Started Create Static Device Nodes in /dev.
[[0;32m  OK  [0m] Started udev Coldplug all Devices.
[[0;32m  OK  [0m] Started Load/Save Random Seed.
         Starting udev Kernel Device Manager...
         Starting Flush Journal to Persistent Storage...
[[0;32m  OK  [0m] Started Monitoring of LVM2 mirrors,â€¦sing dmeventd or progress polling.
[    4.208842] systemd-journald[408]: Received request to flush runtime journal from PID 1
[    4.228774] iscsi: registered transport (iser)
[[0;32m  OK  [0m] Started Load Kernel Modules.
         Starting Apply Kernel Variables...
         Mounting FUSE Control File System...
         Mounting Kernel Configuration File System...
[[0;32m  OK  [0m] Mounted FUSE Control File System.
[[0;32m  OK  [0m] Mounted Kernel Configuration File System.
[[0;32m  OK  [0m] Started udev Kernel Device Manager.
[[0;32m  OK  [0m] Started Set the console keyboard layout.
[[0;32m  OK  [0m] Started Dispatch Password Requests to Console Directory Watch.
[[0;32m  OK  [0m] Reached target Local Encrypted Volumes.
[[0;32m  OK  [0m] Reached target Local File Systems (Pre).
[[0;32m  OK  [0m] Reached target Local File Systems.
         Starting AppArmor initialization...
         Starting Set console font and keymap...
         Starting Tell Plymouth To Write Out Runtime Data...
         Starting ebtables ruleset management...
[[0;32m  OK  [0m] Started Apply Kernel Variables.
[[0;32m  OK  [0m] Started Set console font and keymap.
[[0;32m  OK  [0m] Started Tell Plymouth To Write Out Runtime Data.
[[0;32m  OK  [0m] Started ebtables ruleset management.
[[0;32m  OK  [0m] Started Flush Journal to Persistent Storage.
         Starting Create Volatile Files and Directories...
[[0;32m  OK  [0m] Started Create Volatile Files and Directories.
         Starting Update UTMP about System Boot/Shutdown...
[[0;32m  OK  [0m] Found device /dev/ttyS0.
[[0;32m  OK  [0m] Started Update UTMP about System Boot/Shutdown.
[[0;32m  OK  [0m] Listening on Load/Save RF Kill Switch Status /dev/rfkill Watch.
[[0;32m  OK  [0m] Started AppArmor initialization.
         Starting Initial cloud-init job (pre-networking)...
[    6.352121] cloud-init[533]: Cloud-init v. 19.3-41-gc4735dd3-0ubuntu1~18.04.1 running 'init-local' at Mon, 24 Feb 2020 02:16:38 +0000. Up 6.09 seconds.
[[0;32m  OK  [0m] Started Initial cloud-init job (pre-networking).
[[0;32m  OK  [0m] Reached target Network (Pre).
         Starting Network Service...
[[0;32m  OK  [0m] Started Network Service.
         Starting Network Name Resolution...
         Starting Wait for Network to be Configured...
[[0;32m  OK  [0m] Started Network Name Resolution.
[[0;32m  OK  [0m] Reached target Network.
[[0;32m  OK  [0m] Reached target Host and Network Name Lookups.
[[0;32m  OK  [0m] Started Wait for Network to be Configured.
         Starting Initial cloud-init job (metadata service crawler)...
[    8.544985] cloud-init[696]: Cloud-init v. 19.3-41-gc4735dd3-0ubuntu1~18.04.1 running 'init' at Mon, 24 Feb 2020 02:16:41 +0000. Up 8.38 seconds.
[    8.548412] cloud-init[696]: ci-info: ++++++++++++++++++++++++++++++++++++++Net device info+++++++++++++++++++++++++++++++++++++++
[    8.560469] cloud-init[696]: ci-info: +--------+------+-----------------------------+---------------+--------+-------------------+
[    8.562707] cloud-init[696]: ci-info: | Device |  Up  |           Address           |      Mask     | Scope  |     Hw-Address    |
[    8.566256] cloud-init[696]: ci-info: +--------+------+-----------------------------+---------------+--------+-------------------+
[    8.580518] cloud-init[696]: ci-info: | enp0s3 | True |          10.0.2.15          | 255.255.255.0 | global | 02:57:a3:c3:eb:b7 |
[    8.583088] cloud-init[696]: ci-info: | enp0s3 | True |  fe80::57:a3ff:fec3:ebb7/64 |       .       |  link  | 02:57:a3:c3:eb:b7 |
[    8.585293] cloud-init[696]: ci-info: | enp0s8 | True |        192.168.33.10        | 255.255.255.0 | global | 08:00:27:63:a3:25 |
[    8.588397] cloud-init[696]: ci-info: | enp0s8 | True | fe80::a00:27ff:fe63:a325/64 |       .       |  link  | 08:00:27:63:a3:25 |
[    8.591969] cloud-init[696]: ci-info: |   lo   | True |          127.0.0.1          |   255.0.0.0   |  host  |         .         |
[    8.596340] cloud-init[696]: ci-info: |   lo   | True |           ::1/128           |       .       |  host  |         .         |
[    8.599725] cloud-init[696]: ci-info: +--------+------+-----------------------------+---------------+--------+-------------------+
[    8.602028] cloud-init[696]: ci-info: +++++++++++++++++++++++++++++Route IPv4 info+++++++++++++++++++++++++++++
[    8.603774] cloud-init[696]: ci-info: +-------+--------------+----------+-----------------+-----------+-------+
[    8.605357] cloud-init[696]: ci-info: | Route | Destination  | Gateway  |     Genmask     | Interface | Flags |
[    8.607223] cloud-init[696]: ci-info: +-------+--------------+----------+-----------------+-----------+-------+
[    8.609414] cloud-init[696]: ci-info: |   0   |   0.0.0.0    | 10.0.2.2 |     0.0.0.0     |   enp0s3  |   UG  |
[    8.611201] cloud-init[696]: ci-info: |   1   |   10.0.2.0   | 0.0.0.0  |  255.255.255.0  |   enp0s3  |   U   |
[    8.613070] cloud-init[696]: ci-info: |   2   |   10.0.2.2   | 0.0.0.0  | 255.255.255.255 |   enp0s3  |   UH  |
[    8.614757] cloud-init[696]: ci-info: |   3   | 192.168.33.0 | 0.0.0.0  |  255.255.255.0  |   enp0s8  |   U   |
[    8.616703] cloud-init[696]: ci-info: +-------+--------------+----------+-----------------+-----------+-------+
[    8.618391] cloud-init[696]: ci-info: +++++++++++++++++++Route IPv6 info+++++++++++++++++++
[    8.619910] cloud-init[696]: ci-info: +-------+-------------+---------+-----------+-------+
[    8.621226] cloud-init[696]: ci-info: | Route | Destination | Gateway | Interface | Flags |
[    8.622722] cloud-init[696]: ci-info: +-------+-------------+---------+-----------+-------+
[    8.624232] cloud-init[696]: ci-info: |   1   |  fe80::/64  |    ::   |   enp0s8  |   U   |
[    8.625623] cloud-init[696]: ci-info: |   2   |  fe80::/64  |    ::   |   enp0s3  |   U   |
[    8.627188] cloud-init[696]: ci-info: |   4   |    local    |    ::   |   enp0s3  |   U   |
[    8.628643] cloud-init[696]: ci-info: |   5   |    local    |    ::   |   enp0s8  |   U   |
[    8.640297] cloud-init[696]: ci-info: |   6   |   ff00::/8  |    ::   |   enp0s8  |   U   |
[    8.641875] cloud-init[696]: ci-info: |   7   |   ff00::/8  |    ::   |   enp0s3  |   U   |
[    8.643523] cloud-init[696]: ci-info: +-------+-------------+---------+-----------+-------+
[[0;32m  OK  [0m] Started Initial cloud-init job (metadata service crawler).
[[0;32m  OK  [0m] Reached target Cloud-config availability.
[[0;32m  OK  [0m] Reached target System Initialization.
[[0;32m  OK  [0m] Listening on Open-iSCSI iscsid Socket.
[[0;32m  OK  [0m] Listening on UUID daemon activation socket.
         Starting Socket activation for snappy daemon.
[[0;32m  OK  [0m] Listening on D-Bus System Message Bus Socket.
[[0;32m  OK  [0m] Listening on ACPID Listen Socket.
         Starting LXD - unix socket.
[[0;32m  OK  [0m] Started Discard unused blocks once a week.
[[0;32m  OK  [0m] Started Daily Cleanup of Temporary Directories.
[[0;32m  OK  [0m] Started Message of the Day.
[[0;32m  OK  [0m] Started Daily apt download activities.
[[0;32m  OK  [0m] Started ACPI Events Check.
[[0;32m  OK  [0m] Reached target Paths.
[[0;32m  OK  [0m] Started Daily apt upgrade and clean activities.
[[0;32m  OK  [0m] Reached target Timers.
[[0;32m  OK  [0m] Reached target Network is Online.
[[0;32m  OK  [0m] Reached target Remote File Systems (Pre).
[[0;32m  OK  [0m] Reached target Remote File Systems.
         Starting Availability of block devices...
[[0;32m  OK  [0m] Listening on Socket activation for snappy daemon.
[[0;32m  OK  [0m] Listening on LXD - unix socket.
[[0;32m  OK  [0m] Reached target Sockets.
[[0;32m  OK  [0m] Reached target Basic System.
         Starting LXD - container startup/shutdown...
[[0;32m  OK  [0m] Started Regular background program processing daemon.
         Starting Message of the Day...
         Starting Dispatcher daemon for systemd-networkd...
         Starting LSB: Record successful boot for GRUB...
[[0;32m  OK  [0m] Started FUSE filesystem for LXC.
[[0;32m  OK  [0m] Started Deferred execution scheduler.
         Starting Discard unused blocks...
[[0;32m  OK  [0m] Started irqbalance daemon.
         Starting Accounts Service...
         Starting Permit User Sessions...
         Starting Login Service...
         Starting LSB: automatic crash report generation...
         Starting vboxadd.service...
         Starting OpenBSD Secure Shell server...
         Starting System Logging Service...
[[0;32m  OK  [0m] Started D-Bus System Message Bus.
[[0;32m  OK  [0m] Started Login Service.
[[0;32m  OK  [0m] Started Unattended Upgrades Shutdown.
         Starting Snappy daemon...
[[0;32m  OK  [0m] Started System Logging Service.
[[0;32m  OK  [0m] Started Availability of block devices.
[[0;32m  OK  [0m] Started Discard unused blocks.
[[0;32m  OK  [0m] Started Permit User Sessions.
         Starting Hold until boot process finishes up...
         Starting Terminate Plymouth Boot Screen...
[[0;32m  OK  [0m] Started Hold until boot process finishes up.
         Starting Set console scheme...
[[0;32m  OK  [0m] Started Serial Getty on ttyS0.
[[0;32m  OK  [0m] Started Terminate Plymouth Boot Screen.
[[0;32m  OK  [0m] Started OpenBSD Secure Shell server.
[[0;32m  OK  [0m] Started Set console scheme.
[[0;32m  OK  [0m] Created slice system-getty.slice.
[[0;32m  OK  [0m] Started Getty on tty1.
[[0;32m  OK  [0m] Reached target Login Prompts.
[[0;32m  OK  [0m] Started LXD - container startup/shutdown.
[[0;32m  OK  [0m] Started Dispatcher daemon for systemd-networkd.
[[0;32m  OK  [0m] Started LSB: automatic crash report generation.
         Starting Authorization Manager...
[[0;32m  OK  [0m] Started LSB: Record successful boot for GRUB.
[[0;32m  OK  [0m] Started Authorization Manager.
[[0;32m  OK  [0m] Started Accounts Service.
[[0;32m  OK  [0m] Started Snappy daemon.
         Starting Wait until snapd is fully seeded...
[[0;32m  OK  [0m] Started Wait until snapd is fully seeded.
         Starting Apply the settings specified in cloud-config...
[[0;32m  OK  [0m] Started vboxadd.service.
         Starting vboxadd-service.service...
[[0;32m  OK  [0m] Started vboxadd-service.service.
[[0;32m  OK  [0m] Reached target Multi-User System.
[[0;32m  OK  [0m] Reached target Graphical Interface.
         Starting Update UTMP about System Runlevel Changes...
[[0;32m  OK  [0m] Started Update UTMP about System Runlevel Changes.
[   11.145634] cloud-init[1096]: Cloud-init v. 19.3-41-gc4735dd3-0ubuntu1~18.04.1 running 'modules:config' at Mon, 24 Feb 2020 02:16:43 +0000. Up 10.97 seconds.
[[0;32m  OK  [0m] Started Apply the settings specified in cloud-config.
         Starting Execute cloud user/final scripts...
[   11.663658] cloud-init[1248]: Cloud-init v. 19.3-41-gc4735dd3-0ubuntu1~18.04.1 running 'modules:final' at Mon, 24 Feb 2020 02:16:44 +0000. Up 11.53 seconds.
[   11.670488] cloud-init[1248]: Cloud-init v. 19.3-41-gc4735dd3-0ubuntu1~18.04.1 finished at Mon, 24 Feb 2020 02:16:44 +0000. Datasource DataSourceNoCloud [seed=/dev/sdb][dsmode=net].  Up 11.64 seconds
[[0;32m  OK  [0m] Started Message of the Day.
[[0;32m  OK  [0m] Started Execute cloud user/final scripts.
[[0;32m  OK  [0m] Reached target Cloud-init target.

Ubuntu 18.04.3 LTS ubuntu-bionic ttyS0

ubuntu-bionic login: 